2026-08-29 17:24:38,600 | INFO | Saved ABB_MegaFlex_UPS_Installation_Guide_1000-1600kW_clean.json
2026-08-29 17:24:38,688 | INFO | Saved BHEL_Industrial_UPS_Technical_Specification_PY55207_clean.json
2026-08-29 17:24:38,709 | INFO | Saved Circutor_CA4_Power_Control_Instruction_Manual_clean.json
2026-08-29 17:24:38,741 | INFO | Saved Eaton_5E_Advanced_User_Guide_clean.json
2026-08-29 17:24:38,894 | INFO | Saved Eaton_93E_UPS_Installation_and_Operation_Manual_clean.json
2026-08-29 17:24:38,931 | INFO | Saved Eaton_9E_UPS_Installation_and_User_Manual_clean.json
2026-08-29 17:24:39,072 | INFO | Saved EPRI_UPS_Maintenance_and_Application_Guide_clean.json
2026-08-29 17:24:39,129 | INFO | Saved ESP32_Chip_Errata_v3.0_clean.json
2026-08-29 17:24:39,195 | INFO | Saved ESP32_Datasheet_v3.0_clean.json
2026-08-29 17:24:44,827 | INFO | Saved ESP32_ESP_IDF_Programming_Guide_v5.2_clean.json
2026-08-29 17:24:44,877 | INFO | Saved ESP32_Hardware_Design_Guidelines_clean.json
2026-08-29 17:24:45,676 | INFO | Saved ESP32_Technical_Reference_Manual_v5.7_clean.json
2026-08-29 17:24:45,754 | INFO | Saved ETC_Power_Control_Processor_Configuration_Manual_v3.1_clean.json
2026-08-29 17:24:45,795 | INFO | Saved Eurotherm_EPower_Controller_Datasheet_clean.json
2026-08-29 17:24:45,838 | INFO | Saved FDK_Ferrite_Cores_for_Transformers_and_Choke_Coils_Catalog_clean.json
2026-08-29 17:24:45,857 | INFO | Saved Indeeco_Power_Controller_Troubleshooting_Guide_clean.json
2026-08-29 17:24:45,886 | INFO | Saved Industrial_Regulators_Quick_Selection_Guide_Emerson_clean.json
2026-08-29 17:24:45,924 | INFO | Saved MC33153-D_clean.json
2026-08-29 17:24:46,046 | INFO | Saved MeanWell_Switching_Power_Supply_Technical_Manual_clean.json
2026-08-29 17:24:46,147 | INFO | Saved Microchip_dsPIC_SMPS_ACDC_Reference_Design_User_Guide_clean.json
2026-08-29 17:24:46,168 | INFO | Saved MOSFET_Selection_for_SMPS_TI_SSZT810_clean.json
2026-08-29 17:24:46,203 | INFO | Saved NASA_NEXTC_Rectifier_Diode_Failure_Investigation_clean.json
2026-08-29 17:24:46,251 | INFO | Saved Nexperia_MOSFET_Electrical_Overstress_Failure_Analysis_AN11243_clean.json
2026-08-29 17:24:46,312 | INFO | Saved NXP_Power_MOSFET_Selection_Guide_clean.json
2026-08-29 17:24:46,344 | INFO | Saved Ohio_Magnetics_Power_Rectifier_Magnet_Power_Supply_Manual_clean.json
2026-08-29 17:24:46,359 | INFO | Saved OmniOn_Galaxy_Power_Systems_Installation_Guide_clean.json
2026-08-29 17:24:46,667 | INFO | Saved onsemi_IGBT_Applications_Handbook_HBD871_clean.json
2026-08-29 17:24:46,709 | INFO | Saved onsemi_IGBT_Basic_II_AN9020_clean.json
2026-08-29 17:24:46,728 | INFO | Saved onsemi_NGTG50N60FW_600V_50A_Trench_IGBT_Datasheet_clean.json
2026-08-29 17:24:46,752 | INFO | Saved onsemi_NRVHP8H200MFD_Switch_Mode_Power_Rectifier_Datasheet_clean.json
2026-08-29 17:24:46,828 | INFO | Saved ONSemi_Switch_Mode_Power_Supply_Reference_Manual_clean.json
2026-08-29 17:24:46,840 | INFO | Saved Rectifier_Selection_Operation_and_Maintenance_Guide_clean.json
2026-08-29 17:24:46,857 | INFO | Saved RS_PRO_RPL1_Power_Controller_User_Manual_clean.json
2026-08-29 17:24:46,876 | INFO | Saved Sencore_TechTip205_Troubleshooting_SMPS_Problems_PWM_Type_clean.json
2026-08-29 17:24:47,176 | INFO | Saved Siemens_PCS7_PowerControl_Library_AS_Manual_clean.json
2026-08-29 17:24:47,250 | INFO | Saved Siemens_PCS7_PowerControl_Setup_Guide_clean.json
2026-08-29 17:24:47,291 | INFO | Saved Siemens_Transformer_Selection_According_to_Utilisation_Profiles_clean.json
2026-08-29 17:24:47,320 | INFO | Saved TI_CSD17302Q5A_30V_N_Channel_MOSFET_Datasheet_clean.json
2026-08-29 17:24:47,357 | INFO | Saved TI_Linear_Regulator_Design_Guide_for_LDOs_SLVA118A_clean.json
2026-08-29 17:24:47,386 | INFO | Saved TI_Linear_Regulator_Power_Solution_Reference_Design_TIDUB23_clean.json
2026-08-29 17:24:47,435 | INFO | Saved TI_LM340_LM7805_LM7812_LM7815_Datasheet_clean.json
2026-08-29 17:24:47,571 | INFO | Saved TI_MOSFET_IGBT_Gate_Driver_Fundamentals_SLUA618A_clean.json
2026-08-29 17:24:47,603 | INFO | Saved TI_Off_Line_SMPS_Failure_Modes_PWM_Switchers_DC_DC_Converters_clean.json
2026-08-29 17:24:47,658 | INFO | Saved TI_SN6501_Q1_Transformer_Driver_Datasheet_clean.json
2026-08-29 17:24:47,684 | INFO | Saved TI_TPS7A16xx_Fault_Tree_Analysis_SLVA560_clean.json
2026-08-29 17:24:47,718 | INFO | Saved Toshiba_Discrete_Semiconductor_Basics_Chapter3_Transistors_clean.json
2026-08-29 17:24:47,760 | INFO | Saved Toshiba_MOSFET_Circuit_Design_Application_Note_clean.json
2026-08-29 17:24:47,801 | INFO | Saved Toshiba_MOSFET_Gate_Drive_Circuit_clean.json
2026-08-29 17:24:47,848 | INFO | Saved Transformer_Failure_Analysis_Reasons_and_Methods_IJERT_clean.json
2026-08-29 17:24:47,865 | INFO | Saved Troubleshooting_and_Repairing_Switch_Mode_Power_Supplies_Preview_clean.json
2026-08-29 17:24:47,909 | INFO | Saved Unitrode_Power_Transformer_Design_Guide_SLUP126_clean.json
2026-08-29 17:24:47,920 | INFO | Saved Universal_Rectifiers_Troubleshooting_Guide_clean.json
2026-08-29 17:37:25,163 | INFO | Saved ABB_MegaFlex_UPS_Installation_Guide_1000-1600kW_clean.json
2026-08-29 17:37:25,265 | INFO | Saved BHEL_Industrial_UPS_Technical_Specification_PY55207_clean.json
2026-08-29 17:37:25,287 | INFO | Saved Circutor_CA4_Power_Control_Instruction_Manual_clean.json
2026-08-29 17:37:25,329 | INFO | Saved Eaton_5E_Advanced_User_Guide_clean.json
2026-08-29 17:37:25,504 | INFO | Saved Eaton_93E_UPS_Installation_and_Operation_Manual_clean.json
2026-08-29 17:37:25,538 | INFO | Saved Eaton_9E_UPS_Installation_and_User_Manual_clean.json
2026-08-29 17:37:25,688 | INFO | Saved EPRI_UPS_Maintenance_and_Application_Guide_clean.json
2026-08-29 17:37:25,736 | INFO | Saved ESP32_Chip_Errata_v3.0_clean.json
2026-08-29 17:37:25,812 | INFO | Saved ESP32_Datasheet_v3.0_clean.json
2026-08-29 17:37:30,871 | INFO | Saved ESP32_ESP_IDF_Programming_Guide_v5.2_clean.json
2026-08-29 17:37:30,923 | INFO | Saved ESP32_Hardware_Design_Guidelines_clean.json
2026-08-29 17:37:31,704 | INFO | Saved ESP32_Technical_Reference_Manual_v5.7_clean.json
2026-08-29 17:37:31,779 | INFO | Saved ETC_Power_Control_Processor_Configuration_Manual_v3.1_clean.json
2026-08-29 17:37:31,819 | INFO | Saved Eurotherm_EPower_Controller_Datasheet_clean.json
2026-08-29 17:37:31,854 | INFO | Saved FDK_Ferrite_Cores_for_Transformers_and_Choke_Coils_Catalog_clean.json
2026-08-29 17:37:31,856 | INFO | Saved Indeeco_Power_Controller_Troubleshooting_Guide_clean.json
2026-08-29 17:37:31,884 | INFO | Saved Industrial_Regulators_Quick_Selection_Guide_Emerson_clean.json
2026-08-29 17:37:31,912 | INFO | Saved MC33153-D_clean.json
2026-08-29 17:37:32,004 | INFO | Saved MeanWell_Switching_Power_Supply_Technical_Manual_clean.json
2026-08-29 17:37:32,113 | INFO | Saved Microchip_dsPIC_SMPS_ACDC_Reference_Design_User_Guide_clean.json
2026-08-29 17:37:32,137 | INFO | Saved MOSFET_Selection_for_SMPS_TI_SSZT810_clean.json
2026-08-29 17:37:32,170 | INFO | Saved NASA_NEXTC_Rectifier_Diode_Failure_Investigation_clean.json
2026-08-29 17:37:32,214 | INFO | Saved Nexperia_MOSFET_Electrical_Overstress_Failure_Analysis_AN11243_clean.json
2026-08-29 17:37:32,271 | INFO | Saved NXP_Power_MOSFET_Selection_Guide_clean.json
2026-08-29 17:37:32,311 | INFO | Saved Ohio_Magnetics_Power_Rectifier_Magnet_Power_Supply_Manual_clean.json
2026-08-29 17:37:32,328 | INFO | Saved OmniOn_Galaxy_Power_Systems_Installation_Guide_clean.json
2026-08-29 17:37:32,624 | INFO | Saved onsemi_IGBT_Applications_Handbook_HBD871_clean.json
2026-08-29 17:37:32,673 | INFO | Saved onsemi_IGBT_Basic_II_AN9020_clean.json
2026-08-29 17:37:32,692 | INFO | Saved onsemi_NGTG50N60FW_600V_50A_Trench_IGBT_Datasheet_clean.json
2026-08-29 17:37:32,708 | INFO | Saved onsemi_NRVHP8H200MFD_Switch_Mode_Power_Rectifier_Datasheet_clean.json
2026-08-29 17:37:32,786 | INFO | Saved ONSemi_Switch_Mode_Power_Supply_Reference_Manual_clean.json
2026-08-29 17:37:32,805 | INFO | Saved Rectifier_Selection_Operation_and_Maintenance_Guide_clean.json
2026-08-29 17:37:32,830 | INFO | Saved RS_PRO_RPL1_Power_Controller_User_Manual_clean.json
2026-08-29 17:37:32,852 | INFO | Saved Sencore_TechTip205_Troubleshooting_SMPS_Problems_PWM_Type_clean.json
2026-08-29 17:37:33,200 | INFO | Saved Siemens_PCS7_PowerControl_Library_AS_Manual_clean.json
2026-08-29 17:37:33,263 | INFO | Saved Siemens_PCS7_PowerControl_Setup_Guide_clean.json
2026-08-29 17:37:33,289 | INFO | Saved Siemens_Transformer_Selection_According_to_Utilisation_Profiles_clean.json
2026-08-29 17:37:33,308 | INFO | Saved TI_CSD17302Q5A_30V_N_Channel_MOSFET_Datasheet_clean.json
2026-08-29 17:37:33,350 | INFO | Saved TI_Linear_Regulator_Design_Guide_for_LDOs_SLVA118A_clean.json
2026-08-29 17:37:33,382 | INFO | Saved TI_Linear_Regulator_Power_Solution_Reference_Design_TIDUB23_clean.json
2026-08-29 17:37:33,432 | INFO | Saved TI_LM340_LM7805_LM7812_LM7815_Datasheet_clean.json
2026-08-29 17:37:33,564 | INFO | Saved TI_MOSFET_IGBT_Gate_Driver_Fundamentals_SLUA618A_clean.json
2026-08-29 17:37:33,591 | INFO | Saved TI_Off_Line_SMPS_Failure_Modes_PWM_Switchers_DC_DC_Converters_clean.json
2026-08-29 17:37:33,647 | INFO | Saved TI_SN6501_Q1_Transformer_Driver_Datasheet_clean.json
2026-08-29 17:37:33,671 | INFO | Saved TI_TPS7A16xx_Fault_Tree_Analysis_SLVA560_clean.json
2026-08-29 17:37:33,697 | INFO | Saved Toshiba_Discrete_Semiconductor_Basics_Chapter3_Transistors_clean.json
2026-08-29 17:37:33,732 | INFO | Saved Toshiba_MOSFET_Circuit_Design_Application_Note_clean.json
2026-08-29 17:37:33,776 | INFO | Saved Toshiba_MOSFET_Gate_Drive_Circuit_clean.json
2026-08-29 17:37:33,811 | INFO | Saved Transformer_Failure_Analysis_Reasons_and_Methods_IJERT_clean.json
2026-08-29 17:37:33,831 | INFO | Saved Troubleshooting_and_Repairing_Switch_Mode_Power_Supplies_Preview_clean.json
2026-08-29 17:37:33,872 | INFO | Saved Unitrode_Power_Transformer_Design_Guide_SLUP126_clean.json
2026-08-29 17:37:33,897 | INFO | Saved Universal_Rectifiers_Troubleshooting_Guide_clean.json
